[   15333ms] [VERBOSE] [DOM] Input elements should have autocomplete attributes (suggested: "current-password"): (More info: https://goo.gl/9p2vKq) %o @ http://localhost:3000/sign-in/?returnUrl=%2Ftools%2Facademic-research-assistant%2F:0
[   16902ms] [INFO] %cDownload the React DevTools for a better development experience: https://reactjs.org/link/react-devtools font-weight:bold @ webpack-internal:///(app-pages-browser)/./node_modules/next/dist/compiled/react-dom/cjs/react-dom.development.js:38559
[   19721ms] [WARNING] Image with src "http://localhost:3000/_next/static/media/logo.fad4a7c2.svg" has either width or height modified, but not the other. If you use CSS to change the size of your image, also include the styles 'width: "auto"' or 'height: "auto"' to maintain the aspect ratio. @ webpack-internal:///(app-pages-browser)/./node_modules/next/dist/shared/lib/utils/warn-once.js:15
[   19810ms] [LOG] SignInCard - returnUrl: /tools/academic-research-assistant/ @ webpack-internal:///(app-pages-browser)/./app/components/Auth/SignInCard.tsx:89
[   19813ms] [LOG] SignInCard - returnUrl: /tools/academic-research-assistant/ @ webpack-internal:///(app-pages-browser)/./app/components/Auth/SignInCard.tsx:89
[   19832ms] [WARNING] Image with src "/_next/static/media/logo.939f246c.png" has either width or height modified, but not the other. If you use CSS to change the size of your image, also include the styles 'width: "auto"' or 'height: "auto"' to maintain the aspect ratio. @ webpack-internal:///(app-pages-browser)/./node_modules/next/dist/shared/lib/utils/warn-once.js:15
[   21456ms] [ERROR] Failed to load resource: the server responded with a status of 403 () @ https://accounts.google.com/gsi/button?theme=outline&size=large&text=continue_with&shape=pill&logo_alignment=left&width=317&click_listener=function()%20%7B%0A%20%20%20%20%20%20%20%20%20%20%20%20pushGoogleAuthEvent(%22signup_google_click%22)%3B%0A%20%20%20%20%20%20%20%20%7D&is_fedcm_supported=true&client_id=443967049376-8i2fi2mbi0ia9e7shhinqfo8gceh7qfe.apps.googleusercontent.com&iframe_id=gsi_611439_292803&cas=GRsb6uW%2FBhyWHIqYKK4TDFK83JK8Q%2Brawd%2FOrJXSIsQ:0
[   22150ms] [ERROR] [GSI_LOGGER]: The given origin is not allowed for the given client ID. @ https://ssl.gstatic.com/_/gsi/_/js/k=gsi.gsi.en_GB.MrIhTRBbsnc.O/am=AAAAJAhgCgw/d=1/rs=AF0KOtVjPne2AXu_QU9YFqLzu1GIEkPhLA/m=credential_button_library:85
[   27207ms] [WARNING] [TikTok Pixel] - Invalid Event Name Format
Issue: 1 event name was rejected for not following TikTok format requirements.
Suggestion: Go to your source code and update these event types according to TikTok format requirements. See https://ads.tiktok.com/help/article/custom-events?lang=en for more information. @ https://analytics.tiktok.com/i18n/pixel/static/main.MWE0ZWQ3ZWQwMA.js:0
[   27215ms] [WARNING] [TikTok Pixel] - Invalid Event Name Format
Issue: 1 event name was rejected for not following TikTok format requirements.
Suggestion: Go to your source code and update these event types according to TikTok format requirements. See https://ads.tiktok.com/help/article/custom-events?lang=en for more information. @ https://analytics.tiktok.com/i18n/pixel/static/main.MWE0ZWQ3ZWQwMA.js:0
[   27221ms] [WARNING] [TikTok Pixel] - Invalid Event Name Format
Issue: 1 event name was rejected for not following TikTok format requirements.
Suggestion: Go to your source code and update these event types according to TikTok format requirements. See https://ads.tiktok.com/help/article/custom-events?lang=en for more information. @ https://analytics.tiktok.com/i18n/pixel/static/main.MWE0ZWQ3ZWQwMA.js:0
[   77116ms] [LOG] [Fast Refresh] rebuilding @ webpack-internal:///(app-pages-browser)/./node_modules/next/dist/client/components/react-dev-overlay/app/hot-reloader-client.js:192
[   90336ms] [LOG] [Fast Refresh] done in 13221ms @ webpack-internal:///(app-pages-browser)/./node_modules/next/dist/client/components/react-dev-overlay/app/hot-reloader-client.js:47
[   92099ms] [WARNING] [TikTok Pixel] - Invalid Event Name Format
Issue: 1 event name was rejected for not following TikTok format requirements.
Suggestion: Go to your source code and update these event types according to TikTok format requirements. See https://ads.tiktok.com/help/article/custom-events?lang=en for more information. @ https://analytics.tiktok.com/i18n/pixel/static/main.MWE0ZWQ3ZWQwMA.js:0
[  331082ms] [WARNING] [TikTok Pixel] - Invalid Event Name Format
Issue: 1 event name was rejected for not following TikTok format requirements.
Suggestion: Go to your source code and update these event types according to TikTok format requirements. See https://ads.tiktok.com/help/article/custom-events?lang=en for more information. @ https://analytics.tiktok.com/i18n/pixel/static/main.MWE0ZWQ3ZWQwMA.js:0
[  331282ms] [WARNING] [TikTok Pixel] - Invalid Event Name Format
Issue: 1 event name was rejected for not following TikTok format requirements.
Suggestion: Go to your source code and update these event types according to TikTok format requirements. See https://ads.tiktok.com/help/article/custom-events?lang=en for more information. @ https://analytics.tiktok.com/i18n/pixel/static/main.MWE0ZWQ3ZWQwMA.js:0
[  342891ms] [LOG] 🔄 Sidebar useEffect - localStorage values: {user_name: mirzatouheed27, profile_image: null, access_token: ✅, user_id: 890156ea-4bf5-4fd7-9dd3-a66d3222cd16, provider: null} @ webpack-internal:///(app-pages-browser)/./app/components/AiTools/MTSidebar.tsx:201
[  342898ms] [LOG] ✅ Set user name in sidebar: mirzatouheed27 @ webpack-internal:///(app-pages-browser)/./app/components/AiTools/MTSidebar.tsx:210
[  342915ms] [WARNING] [tiptap warn]: Duplicate extension names found: ['underline']. This can lead to issues. @ webpack-internal:///(app-pages-browser)/./node_modules/@tiptap/core/dist/index.js:1790
[  342973ms] [LOG] 🔄 Sidebar useEffect - localStorage values: {user_name: mirzatouheed27, profile_image: null, access_token: ✅, user_id: 890156ea-4bf5-4fd7-9dd3-a66d3222cd16, provider: null} @ webpack-internal:///(app-pages-browser)/./app/components/AiTools/MTSidebar.tsx:201
[  342974ms] [LOG] ✅ Set user name in sidebar: mirzatouheed27 @ webpack-internal:///(app-pages-browser)/./app/components/AiTools/MTSidebar.tsx:210
[  343578ms] [WARNING] [TikTok Pixel] - Invalid Event Name Format
Issue: 1 event name was rejected for not following TikTok format requirements.
Suggestion: Go to your source code and update these event types according to TikTok format requirements. See https://ads.tiktok.com/help/article/custom-events?lang=en for more information. @ https://analytics.tiktok.com/i18n/pixel/static/main.MWE0ZWQ3ZWQwMA.js:0
[  344471ms] [LOG] Token verification response: {data: Object, status: 200, statusText: OK, headers: AxiosHeaders, config: Object} @ webpack-internal:///(app-pages-browser)/./app/components/AiTools/MTSidebar.tsx:475
[  363881ms] [WARNING] [TikTok Pixel] - Invalid Event Name Format
Issue: 1 event name was rejected for not following TikTok format requirements.
Suggestion: Go to your source code and update these event types according to TikTok format requirements. See https://ads.tiktok.com/help/article/custom-events?lang=en for more information. @ https://analytics.tiktok.com/i18n/pixel/static/main.MWE0ZWQ3ZWQwMA.js:0
[  383039ms] [WARNING] [tiptap warn]: Duplicate extension names found: ['underline']. This can lead to issues. @ webpack-internal:///(app-pages-browser)/./node_modules/@tiptap/core/dist/index.js:1790
[  383944ms] [WARNING] [TikTok Pixel] - Invalid Event Name Format
Issue: 1 event name was rejected for not following TikTok format requirements.
Suggestion: Go to your source code and update these event types according to TikTok format requirements. See https://ads.tiktok.com/help/article/custom-events?lang=en for more information. @ https://analytics.tiktok.com/i18n/pixel/static/main.MWE0ZWQ3ZWQwMA.js:0
[  385915ms] [WARNING] [tiptap warn]: Duplicate extension names found: ['underline']. This can lead to issues. @ webpack-internal:///(app-pages-browser)/./node_modules/@tiptap/core/dist/index.js:1790
[  386008ms] [ERROR] Warning: In HTML, %s cannot be a descendant of <%s>.
This will cause a hydration error.%s <div> p 
    at div
    at NodeViewContent (webpack-internal:///(app-pages-browser)/./node_modules/@tiptap/react/dist/index.js:726:7)
    at p
    at div
    at eval (webpack-internal:///(app-pages-browser)/./node_modules/@tiptap/react/dist/index.js:752:27)
    at NodeWithControls (webpack-internal:///(app-pages-browser)/./app/components/AiTools/MainTool/ParagraphEditor.tsx:75:133)
    at ReactNodeView
    at Portals (webpack-internal:///(app-pages-browser)/./node_modules/@tiptap/react/dist/index.js:176:18)
    at PureEditorContent (webpack-internal:///(app-pages-browser)/./node_modules/@tiptap/react/dist/index.js:227:5)
    at eval (webpack-internal:///(app-pages-browser)/./node_modules/@tiptap/react/dist/index.js:312:15)
    at div
    at ParagraphEditor (webpack-internal:///(app-pages-browser)/./app/components/AiTools/MainTool/ParagraphEditor.tsx:416:33)
    at div
    at div
    at div
    at EditorContainer (webpack-internal:///(app-pages-browser)/./app/components/AiTools/MainTool/EditorContainer.tsx:21:33)
    at main
    at div
    at div
    at MainToolLayout (webpack-internal:///(app-pages-browser)/./app/components/AiTools/MainTool/MainToolLayout.tsx:56:26)
    at ClientPage (webpack-internal:///(app-pages-browser)/./app/(pages)/tools/academic-research-assistant/page.tsx:23:88)
    at Suspense
    at Page
    at ClientPageRoot (webpack-internal:///(app-pages-browser)/./node_modules/next/dist/client/components/client-page.js:18:27)
    at InnerLayoutRouter (webpack-internal:///(app-pages-browser)/./node_modules/next/dist/client/components/layout-router.js:278:35)
    at RedirectErrorBoundary (webpack-internal:///(app-pages-browser)/./node_modules/next/dist/client/components/redirect-boundary.js:57:27)
    at RedirectBoundary (webpack-internal:///(app-pages-browser)/./node_modules/next/dist/client/components/redirect-boundary.js:107:26)
    at NotFoundBoundary (webpack-internal:///(app-pages-browser)/./node_modules/next/dist/client/components/not-found-boundary.js:116:26)
    at LoadingBoundary (webpack-internal:///(app-pages-browser)/./node_modules/next/dist/client/components/layout-router.js:383:26)
    at ErrorBoundary (webpack-internal:///(app-pages-browser)/./node_modules/next/dist/client/components/error-boundary.js:185:32)
    at InnerScrollAndFocusHandler (webpack-internal:///(app-pages-browser)/./node_modules/next/dist/client/components/layout-router.js:155:27)
    at ScrollAndFocusHandler (webpack-internal:///(app-pages-browser)/./node_modules/next/dist/client/components/layout-router.js:263:29)
    at RenderFromTemplateContext (webpack-internal:///(app-pages-browser)/./node_modules/next/dist/client/components/render-from-template-context.js:16:42)
    at OuterLayoutRouter (webpack-internal:///(app-pages-browser)/./node_modules/next/dist/client/components/layout-router.js:404:35)
    at InnerLayoutRouter (webpack-internal:///(app-pages-browser)/./node_modules/next/dist/client/components/layout-router.js:278:35)
    at RedirectErrorBoundary (webpack-internal:///(app-pages-browser)/./node_modules/next/dist/client/components/redirect-boundary.js:57:27)
    at RedirectBoundary (webpack-internal:///(app-pages-browser)/./node_modules/next/dist/client/components/redirect-boundary.js:107:26)
    at NotFoundBoundary (webpack-internal:///(app-pages-browser)/./node_modules/next/dist/client/components/not-found-boundary.js:116:26)
    at LoadingBoundary (webpack-internal:///(app-pages-browser)/./node_modules/next/dist/client/components/layout-router.js:383:26)
    at ErrorBoundary (webpack-internal:///(app-pages-browser)/./node_modules/next/dist/client/components/error-boundary.js:185:32)
    at InnerScrollAndFocusHandler (webpack-internal:///(app-pages-browser)/./node_modules/next/dist/client/components/layout-router.js:155:27)
    at ScrollAndFocusHandler (webpack-internal:///(app-pages-browser)/./node_modules/next/dist/client/components/layout-router.js:263:29)
    at RenderFromTemplateContext (webpack-internal:///(app-pages-browser)/./node_modules/next/dist/client/components/render-from-template-context.js:16:42)
    at OuterLayoutRouter (webpack-internal:///(app-pages-browser)/./node_modules/next/dist/client/components/layout-router.js:404:35)
    at InnerLayoutRouter (webpack-internal:///(app-pages-browser)/./node_modules/next/dist/client/components/layout-router.js:278:35)
    at RedirectErrorBoundary (webpack-internal:///(app-pages-browser)/./node_modules/next/dist/client/components/redirect-boundary.js:57:27)
    at RedirectBoundary (webpack-internal:///(app-pages-browser)/./node_modules/next/dist/client/components/redirect-boundary.js:107:26)
    at NotFoundBoundary (webpack-internal:///(app-pages-browser)/./node_modules/next/dist/client/components/not-found-boundary.js:116:26)
    at LoadingBoundary (webpack-internal:///(app-pages-browser)/./node_modules/next/dist/client/components/layout-router.js:383:26)
    at ErrorBoundary (webpack-internal:///(app-pages-browser)/./node_modules/next/dist/client/components/error-boundary.js:185:32)
    at InnerScrollAndFocusHandler (webpack-internal:///(app-pages-browser)/./node_modules/next/dist/client/components/layout-router.js:155:27)
    at ScrollAndFocusHandler (webpack-internal:///(app-pages-browser)/./node_modules/next/dist/client/components/layout-router.js:263:29)
    at RenderFromTemplateContext (webpack-internal:///(app-pages-browser)/./node_modules/next/dist/client/components/render-from-template-context.js:16:42)
    at OuterLayoutRouter (webpack-internal:///(app-pages-browser)/./node_modules/next/dist/client/components/layout-router.js:404:35)
    at InnerLayoutRouter (webpack-internal:///(app-pages-browser)/./node_modules/next/dist/client/components/layout-router.js:278:35)
    at RedirectErrorBoundary (webpack-internal:///(app-pages-browser)/./node_modules/next/dist/client/components/redirect-boundary.js:57:27)
    at RedirectBoundary (webpack-internal:///(app-pages-browser)/./node_modules/next/dist/client/components/redirect-boundary.js:107:26)
    at NotFoundErrorBoundary (webpack-internal:///(app-pages-browser)/./node_modules/next/dist/client/components/not-found-boundary.js:29:27)
    at NotFoundBoundary (webpack-internal:///(app-pages-browser)/./node_modules/next/dist/client/components/not-found-boundary.js:116:26)
    at LoadingBoundary (webpack-internal:///(app-pages-browser)/./node_modules/next/dist/client/components/layout-router.js:383:26)
    at ErrorBoundaryHandler (webpack-internal:///(app-pages-browser)/./node_modules/next/dist/client/components/error-boundary.js:76:27)
    at ErrorBoundary (webpack-internal:///(app-pages-browser)/./node_modules/next/dist/client/components/error-boundary.js:185:32)
    at InnerScrollAndFocusHandler (webpack-internal:///(app-pages-browser)/./node_modules/next/dist/client/components/layout-router.js:155:27)
    at ScrollAndFocusHandler (webpack-internal:///(app-pages-browser)/./node_modules/next/dist/client/components/layout-router.js:263:29)
    at RenderFromTemplateContext (webpack-internal:///(app-pages-browser)/./node_modules/next/dist/client/components/render-from-template-context.js:16:42)
    at OuterLayoutRouter (webpack-internal:///(app-pages-browser)/./node_modules/next/dist/client/components/layout-router.js:404:35)
    at main
    at body
    at html
    at RootLayout (Server)
    at RedirectErrorBoundary (webpack-internal:///(app-pages-browser)/./node_modules/next/dist/client/components/redirect-boundary.js:57:27)
    at RedirectBoundary (webpack-internal:///(app-pages-browser)/./node_modules/next/dist/client/components/redirect-boundary.js:107:26)
    at NotFoundErrorBoundary (webpack-internal:///(app-pages-browser)/./node_modules/next/dist/client/components/not-found-boundary.js:29:27)
    at NotFoundBoundary (webpack-internal:///(app-pages-browser)/./node_modules/next/dist/client/components/not-found-boundary.js:116:26)
    at DevRootNotFoundBoundary (webpack-internal:///(app-pages-browser)/./node_modules/next/dist/client/components/dev-root-not-found-boundary.js:33:26)
    at ReactDevOverlay (webpack-internal:///(app-pages-browser)/./node_modules/next/dist/client/components/react-dev-overlay/app/ReactDevOverlay.js:38:27)
    at HotReload (webpack-internal:///(app-pages-browser)/./node_modules/next/dist/client/components/react-dev-overlay/app/hot-reloader-client.js:327:29)
    at Router (webpack-internal:///(app-pages-browser)/./node_modules/next/dist/client/components/app-router.js:229:25)
    at ErrorBoundaryHandler (webpack-internal:///(app-pages-browser)/./node_modules/next/dist/client/components/error-boundary.js:76:27)
    at ErrorBoundary (webpack-internal:///(app-pages-browser)/./node_modules/next/dist/client/components/error-boundary.js:185:32)
    at AppRouter (webpack-internal:///(app-pages-browser)/./node_modules/next/dist/client/components/app-router.js:613:38)
    at ServerRoot (webpack-internal:///(app-pages-browser)/./node_modules/next/dist/client/app-index.js:117:27)
    at Root (webpack-internal:///(app-pages-browser)/./node_modules/next/dist/client/app-index.js:122:26) @ webpack-internal:///(app-pages-browser)/./node_modules/next/dist/client/app-index.js:37
[  418666ms] [LOG] [Fast Refresh] rebuilding @ webpack-internal:///(app-pages-browser)/./node_modules/next/dist/client/components/react-dev-overlay/app/hot-reloader-client.js:192
[  422348ms] [LOG] [Fast Refresh] done in 3683ms @ webpack-internal:///(app-pages-browser)/./node_modules/next/dist/client/components/react-dev-overlay/app/hot-reloader-client.js:47
[  425879ms] [WARNING] [TikTok Pixel] - Invalid Event Name Format
Issue: 1 event name was rejected for not following TikTok format requirements.
Suggestion: Go to your source code and update these event types according to TikTok format requirements. See https://ads.tiktok.com/help/article/custom-events?lang=en for more information. @ https://analytics.tiktok.com/i18n/pixel/static/main.MWE0ZWQ3ZWQwMA.js:0
[  426012ms] [LOG] [Fast Refresh] rebuilding @ webpack-internal:///(app-pages-browser)/./node_modules/next/dist/client/components/react-dev-overlay/app/hot-reloader-client.js:192
[  429658ms] [LOG] [Fast Refresh] done in 3645ms @ webpack-internal:///(app-pages-browser)/./node_modules/next/dist/client/components/react-dev-overlay/app/hot-reloader-client.js:47
[  433506ms] [WARNING] [TikTok Pixel] - Invalid Event Name Format
Issue: 1 event name was rejected for not following TikTok format requirements.
Suggestion: Go to your source code and update these event types according to TikTok format requirements. See https://ads.tiktok.com/help/article/custom-events?lang=en for more information. @ https://analytics.tiktok.com/i18n/pixel/static/main.MWE0ZWQ3ZWQwMA.js:0
