[    7174ms] [INFO] %cDownload the React DevTools for a better development experience: https://reactjs.org/link/react-devtools font-weight:bold @ webpack-internal:///(app-pages-browser)/./node_modules/next/dist/compiled/react-dom/cjs/react-dom.development.js:38559
[   17337ms] [LOG] 🔄 Sidebar useEffect - localStorage values: {user_name: mirzatouheed27, profile_image: null, access_token: ✅, user_id: 890156ea-4bf5-4fd7-9dd3-a66d3222cd16, provider: null} @ webpack-internal:///(app-pages-browser)/./app/components/AiTools/MTSidebar.tsx:201
[   17340ms] [LOG] ✅ Set user name in sidebar: mirzatouheed27 @ webpack-internal:///(app-pages-browser)/./app/components/AiTools/MTSidebar.tsx:210
[   17416ms] [LOG] 🔄 Sidebar useEffect - localStorage values: {user_name: mirzatouheed27, profile_image: null, access_token: ✅, user_id: 890156ea-4bf5-4fd7-9dd3-a66d3222cd16, provider: null} @ webpack-internal:///(app-pages-browser)/./app/components/AiTools/MTSidebar.tsx:201
[   17417ms] [LOG] ✅ Set user name in sidebar: mirzatouheed27 @ webpack-internal:///(app-pages-browser)/./app/components/AiTools/MTSidebar.tsx:210
[   19724ms] [ERROR] Failed to load resource: the server responded with a status of 401 (Unauthorized) @ https://app.scholarlyhelp.com/v1/users/token-usage:0
[   19835ms] [ERROR] Failed to load resource: the server responded with a status of 400 (Bad Request) @ https://app.scholarlyhelp.com/v1/auth/verify-token:0
[   19838ms] [ERROR] ❌ Token verification failed: AxiosError @ webpack-internal:///(app-pages-browser)/./node_modules/next/dist/client/app-index.js:37
[   21249ms] [WARNING] Image with src "http://localhost:3000/_next/static/media/logo.fad4a7c2.svg" has either width or height modified, but not the other. If you use CSS to change the size of your image, also include the styles 'width: "auto"' or 'height: "auto"' to maintain the aspect ratio. @ webpack-internal:///(app-pages-browser)/./node_modules/next/dist/shared/lib/utils/warn-once.js:15
[   21273ms] [LOG] SignInCard - returnUrl: /tools/academic-research-assistant/ @ webpack-internal:///(app-pages-browser)/./app/components/Auth/SignInCard.tsx:89
[   21277ms] [LOG] SignInCard - returnUrl: /tools/academic-research-assistant/ @ webpack-internal:///(app-pages-browser)/./app/components/Auth/SignInCard.tsx:89
[   21317ms] [VERBOSE] [DOM] Input elements should have autocomplete attributes (suggested: "current-password"): (More info: https://goo.gl/9p2vKq) %o @ http://localhost:3000/sign-in/?returnUrl=%2Ftools%2Facademic-research-assistant%2F:0
[   21332ms] [WARNING] Image with src "/_next/static/media/logo.939f246c.png" has either width or height modified, but not the other. If you use CSS to change the size of your image, also include the styles 'width: "auto"' or 'height: "auto"' to maintain the aspect ratio. @ webpack-internal:///(app-pages-browser)/./node_modules/next/dist/shared/lib/utils/warn-once.js:15
[   22617ms] [ERROR] Failed to load resource: the server responded with a status of 403 () @ https://accounts.google.com/gsi/button?theme=outline&size=large&text=continue_with&shape=pill&logo_alignment=left&width=317&click_listener=function()%20%7B%0A%20%20%20%20%20%20%20%20%20%20%20%20pushGoogleAuthEvent(%22signup_google_click%22)%3B%0A%20%20%20%20%20%20%20%20%7D&is_fedcm_supported=true&client_id=443967049376-8i2fi2mbi0ia9e7shhinqfo8gceh7qfe.apps.googleusercontent.com&iframe_id=gsi_999760_866660&cas=j2cGOqq5Ey9WrgdjkYWpLmBAkmL2V%2Byu3%2BBUUq5fdFs:0
[   23685ms] [ERROR] [GSI_LOGGER]: The given origin is not allowed for the given client ID. @ https://ssl.gstatic.com/_/gsi/_/js/k=gsi.gsi.en_GB.EWzGPYzSrvo.O/am=AAAAJAhgCgwAEA/d=1/rs=AF0KOtWRP6ZyDZXiXFOSvMhaDzeE_TyDeg/m=credential_button_library:85
[   24440ms] [WARNING] [TikTok Pixel] - Invalid Event Name Format
Issue: 1 event name was rejected for not following TikTok format requirements.
Suggestion: Go to your source code and update these event types according to TikTok format requirements. See https://ads.tiktok.com/help/article/custom-events?lang=en for more information. @ https://analytics.tiktok.com/i18n/pixel/static/main.MWE0ZWQ3ZWQwMQ.js:0
[   24449ms] [WARNING] [TikTok Pixel] - Invalid Event Name Format
Issue: 1 event name was rejected for not following TikTok format requirements.
Suggestion: Go to your source code and update these event types according to TikTok format requirements. See https://ads.tiktok.com/help/article/custom-events?lang=en for more information. @ https://analytics.tiktok.com/i18n/pixel/static/main.MWE0ZWQ3ZWQwMQ.js:0
[   24458ms] [WARNING] [TikTok Pixel] - Invalid Event Name Format
Issue: 1 event name was rejected for not following TikTok format requirements.
Suggestion: Go to your source code and update these event types according to TikTok format requirements. See https://ads.tiktok.com/help/article/custom-events?lang=en for more information. @ https://analytics.tiktok.com/i18n/pixel/static/main.MWE0ZWQ3ZWQwMQ.js:0
[   36669ms] [WARNING] [TikTok Pixel] - Invalid Event Name Format
Issue: 1 event name was rejected for not following TikTok format requirements.
Suggestion: Go to your source code and update these event types according to TikTok format requirements. See https://ads.tiktok.com/help/article/custom-events?lang=en for more information. @ https://analytics.tiktok.com/i18n/pixel/static/main.MWE0ZWQ3ZWQwMQ.js:0
[   43304ms] [WARNING] [TikTok Pixel] - Invalid Event Name Format
Issue: 1 event name was rejected for not following TikTok format requirements.
Suggestion: Go to your source code and update these event types according to TikTok format requirements. See https://ads.tiktok.com/help/article/custom-events?lang=en for more information. @ https://analytics.tiktok.com/i18n/pixel/static/main.MWE0ZWQ3ZWQwMQ.js:0
[   43374ms] [WARNING] [TikTok Pixel] - Invalid Event Name Format
Issue: 1 event name was rejected for not following TikTok format requirements.
Suggestion: Go to your source code and update these event types according to TikTok format requirements. See https://ads.tiktok.com/help/article/custom-events?lang=en for more information. @ https://analytics.tiktok.com/i18n/pixel/static/main.MWE0ZWQ3ZWQwMQ.js:0
[   43522ms] [WARNING] [TikTok Pixel] - Invalid Event Name Format
Issue: 1 event name was rejected for not following TikTok format requirements.
Suggestion: Go to your source code and update these event types according to TikTok format requirements. See https://ads.tiktok.com/help/article/custom-events?lang=en for more information. @ https://analytics.tiktok.com/i18n/pixel/static/main.MWE0ZWQ3ZWQwMQ.js:0
[   45075ms] [LOG] 🔄 Sidebar useEffect - localStorage values: {user_name: mirzatouheed27, profile_image: null, access_token: ✅, user_id: 890156ea-4bf5-4fd7-9dd3-a66d3222cd16, provider: null} @ webpack-internal:///(app-pages-browser)/./app/components/AiTools/MTSidebar.tsx:201
[   45077ms] [LOG] ✅ Set user name in sidebar: mirzatouheed27 @ webpack-internal:///(app-pages-browser)/./app/components/AiTools/MTSidebar.tsx:210
[   45103ms] [LOG] 🔄 Sidebar useEffect - localStorage values: {user_name: mirzatouheed27, profile_image: null, access_token: ✅, user_id: 890156ea-4bf5-4fd7-9dd3-a66d3222cd16, provider: null} @ webpack-internal:///(app-pages-browser)/./app/components/AiTools/MTSidebar.tsx:201
[   45104ms] [LOG] ✅ Set user name in sidebar: mirzatouheed27 @ webpack-internal:///(app-pages-browser)/./app/components/AiTools/MTSidebar.tsx:210
[   45949ms] [WARNING] [TikTok Pixel] - Invalid Event Name Format
Issue: 1 event name was rejected for not following TikTok format requirements.
Suggestion: Go to your source code and update these event types according to TikTok format requirements. See https://ads.tiktok.com/help/article/custom-events?lang=en for more information. @ https://analytics.tiktok.com/i18n/pixel/static/main.MWE0ZWQ3ZWQwMQ.js:0
[   46516ms] [LOG] Token verification response: {data: Object, status: 200, statusText: OK, headers: AxiosHeaders, config: Object} @ webpack-internal:///(app-pages-browser)/./app/components/AiTools/MTSidebar.tsx:475
