[     195ms] [WARNING] [TikTok Pixel] - Invalid Event Name Format
Issue: 1 event name was rejected for not following TikTok format requirements.
Suggestion: Go to your source code and update these event types according to TikTok format requirements. See https://ads.tiktok.com/help/article/custom-events?lang=en for more information. @ https://analytics.tiktok.com/i18n/pixel/static/main.MWE0ZWQ3ZWQwMQ.js:0
[    1108ms] [INFO] %cDownload the React DevTools for a better development experience: https://reactjs.org/link/react-devtools font-weight:bold @ webpack-internal:///(app-pages-browser)/./node_modules/next/dist/compiled/react-dom/cjs/react-dom.development.js:38559
[    5882ms] [LOG] 🔄 Sidebar useEffect - localStorage values: {user_name: mirzatouheed27, profile_image: null, access_token: ✅, user_id: 890156ea-4bf5-4fd7-9dd3-a66d3222cd16, provider: null} @ webpack-internal:///(app-pages-browser)/./app/components/AiTools/MTSidebar.tsx:201
[    5884ms] [LOG] ✅ Set user name in sidebar: mirzatouheed27 @ webpack-internal:///(app-pages-browser)/./app/components/AiTools/MTSidebar.tsx:210
[    5971ms] [LOG] 🔄 Sidebar useEffect - localStorage values: {user_name: mirzatouheed27, profile_image: null, access_token: ✅, user_id: 890156ea-4bf5-4fd7-9dd3-a66d3222cd16, provider: null} @ webpack-internal:///(app-pages-browser)/./app/components/AiTools/MTSidebar.tsx:201
[    5973ms] [LOG] ✅ Set user name in sidebar: mirzatouheed27 @ webpack-internal:///(app-pages-browser)/./app/components/AiTools/MTSidebar.tsx:210
[    7274ms] [LOG] Token verification response: {data: Object, status: 200, statusText: OK, headers: AxiosHeaders, config: Object} @ webpack-internal:///(app-pages-browser)/./app/components/AiTools/MTSidebar.tsx:475
[   12586ms] [WARNING] [TikTok Pixel] - Invalid Event Name Format
Issue: 1 event name was rejected for not following TikTok format requirements.
Suggestion: Go to your source code and update these event types according to TikTok format requirements. See https://ads.tiktok.com/help/article/custom-events?lang=en for more information. @ https://analytics.tiktok.com/i18n/pixel/static/main.MWE0ZWQ3ZWQwMQ.js:0
[   12592ms] [WARNING] [TikTok Pixel] - Invalid Event Name Format
Issue: 1 event name was rejected for not following TikTok format requirements.
Suggestion: Go to your source code and update these event types according to TikTok format requirements. See https://ads.tiktok.com/help/article/custom-events?lang=en for more information. @ https://analytics.tiktok.com/i18n/pixel/static/main.MWE0ZWQ3ZWQwMQ.js:0
[   12598ms] [WARNING] [TikTok Pixel] - Invalid Event Name Format
Issue: 1 event name was rejected for not following TikTok format requirements.
Suggestion: Go to your source code and update these event types according to TikTok format requirements. See https://ads.tiktok.com/help/article/custom-events?lang=en for more information. @ https://analytics.tiktok.com/i18n/pixel/static/main.MWE0ZWQ3ZWQwMQ.js:0
[   12603ms] [WARNING] [TikTok Pixel] - Invalid Event Name Format
Issue: 1 event name was rejected for not following TikTok format requirements.
Suggestion: Go to your source code and update these event types according to TikTok format requirements. See https://ads.tiktok.com/help/article/custom-events?lang=en for more information. @ https://analytics.tiktok.com/i18n/pixel/static/main.MWE0ZWQ3ZWQwMQ.js:0
[   12612ms] [ERROR] Failed to load resource: net::ERR_CONNECTION_CLOSED @ https://www.google.com.pk/pagead/1p-user-list/10966577873/?random=1778142051999&cv=11&fst=1778140800000&bg=ffffff&guid=ON&async=1&en=gtag.config&gtm=45be6560h2v892790848z8858320299za20gzb858320299zd858320299xec&gcd=13l3l3l3l1l1&dma=0&tag_exp=0~115616985~115938466~115938468~117215714~118131810~118289195~118463261~118719170&u_w=1536&u_h=864&url=http%3A%2F%2Flocalhost%3A3000%2Ftools%2Facademic-research-assistant%2F%3Fdoc%3D69fc3b74cbce887df4c9f982&rcb=17&frm=0&tiba=Scholarly%20Help%20-%20Academic%20Writing%20Services%20For%20You&hn=www.googleadservices.com&npa=0&pscdl=noapi&auid=277542569.1777276644&uaa=x86&uab=64&uafvl=Google%2520Chrome%3B147.0.7727.139%7CNot.A%252FBrand%3B8.0.0.0%7CChromium%3B147.0.7727.139&uamb=0&uam=&uap=Windows&uapv=19.0.0&uaw=0&data=event%3Dgtag.config&rfmt=3&fmt=3&is_vtc=1&cid=CAQSvwEABaugfcu0FLxWSpeBVMhd3ye8gXaosDp5qiifrIHVLwNEUA50d1o8jRRKbwK-Wh2tlGdvVKrPEz2yTJHgMJgxKmTxKQpkcAhjksk05cpfW9DKPo8pqX7Oer7RZJiGHkislhPBsR-lspiDZJRLL-t2BQKbD8TJZz7mEy94ao7O1QyId4qLOmFFp6mh7yD61-TxOKtja8hufV6txHZ6ibSOaZ_QkYaXyG4NxG4lPimZlTqXVL6mJW6cf7x6DsG-eg&random=3915519596&rmt_tld=1&ipr=y:0
[   12612ms] [ERROR] Failed to load resource: net::ERR_CONNECTION_CLOSED @ https://www.google.com.pk/pagead/1p-user-list/10966577873/?random=1778142052057&cv=11&fst=1778140800000&bg=ffffff&guid=ON&async=1&gtm=45be6560h2v892790848z8858320299za20gzb858320299zd858320299xea&gcd=13l3l3l3l1l1&dma=0&tag_exp=0~115616985~115938466~115938468~117215714~118131810~118289195~118463261~118719170&u_w=1536&u_h=864&url=http%3A%2F%2Flocalhost%3A3000%2Ftools%2Facademic-research-assistant%2F%3Fdoc%3D69fc3b74cbce887df4c9f982&rcb=17&label=1kGbCOPWzpAYENHlou0o&frm=0&tiba=Scholarly%20Help%20-%20Academic%20Writing%20Services%20For%20You&hn=www.googleadservices.com&npa=0&pscdl=noapi&auid=277542569.1777276644&uaa=x86&uab=64&uafvl=Google%2520Chrome%3B147.0.7727.139%7CNot.A%252FBrand%3B8.0.0.0%7CChromium%3B147.0.7727.139&uamb=0&uam=&uap=Windows&uapv=19.0.0&uaw=0&_tu=CA&rfmt=3&fmt=3&is_vtc=1&cid=CAQS4gEABaugfb-iiC9mKWm1_Tjxjf0VMpeIFEdqB8bpUFabYRiU-sVhCmRwpymKNr1H1P9xj43gaAEA9EQkhmS63b6Fynz9O_jGL0WU92CwFVSqLDz5fiZMb195NUXFVOooiBVbGQOGOYTSP2dqXogP8uhP16qK8knNBSqWKwfWNhw3DQjUq5Of8EAFKH0XLuTkrGq6xZkHwrfQbolpZY65JAIGv42OaAAILX9k9hR0XprFtj-Xg7Ql_zMsvBPJ4dIuh_IYixfjv6-Lqa8A6io6h5Q2fl9Uee7ZKriNj9VqhS6Ewi8o&random=3224262568&rmt_tld=1&ipr=y:0
[   22070ms] [WARNING] [TikTok Pixel] - Invalid Event Name Format
Issue: 1 event name was rejected for not following TikTok format requirements.
Suggestion: Go to your source code and update these event types according to TikTok format requirements. See https://ads.tiktok.com/help/article/custom-events?lang=en for more information. @ https://analytics.tiktok.com/i18n/pixel/static/main.MWE0ZWQ3ZWQwMQ.js:0
[   29186ms] [WARNING] [TikTok Pixel] - Invalid Event Name Format
Issue: 1 event name was rejected for not following TikTok format requirements.
Suggestion: Go to your source code and update these event types according to TikTok format requirements. See https://ads.tiktok.com/help/article/custom-events?lang=en for more information. @ https://analytics.tiktok.com/i18n/pixel/static/main.MWE0ZWQ3ZWQwMQ.js:0
